// Jest Snapshot v1, https://goo.gl/fbAQLP

exports[`App renders correctly 1`] = `
<div
  className="container"
>
  <div
    className="header"
  >
    Welcome to TicTacToe Game
  </div>
  <div
    className="content"
  >
    <CreateGame
      gameInfo={
        Object {
          "boardSize": null,
          "gameMode": Object {},
          "language": null,
          "playerName": "",
          "symbol": "",
        }
      }
      onCreateGame={[Function]}
      onSelectLanguage={[Function]}
      setGameInfo={[Function]}
      translations={
        Object {
          "gameModes": Array [],
          "welcomeMessage": "Welcome to TicTacToe Game",
        }
      }
    />
  </div>
  <div
    className="game-info"
  >
    <h4>
       Game Information 
    </h4>
    <div>
      name:
    </div>
    <div>
      Symbol:
    </div>
    <div>
      game mode:
    </div>
    <div>
      opponent:
    </div>
    <div>
      opponent symbol:
    </div>
    <div />
  </div>
  <div
    className="status"
  />
</div>
`;
