// Jest Snapshot v1, https://goo.gl/fbAQLP

exports[`CreateGame renders correctly 1`] = `
<div
  className="create-game"
>
  <Form
    inline={false}
  >
    <FormRow>
      <label>
        :
      </label>
      <input
        className="input-player-name"
        onChange={[Function]}
      />
    </FormRow>
    <FormRow>
      <label>
        :
      </label>
      <input
        className="input-symbol"
        onChange={[Function]}
      />
    </FormRow>
    <FormRow>
      <label>
        :
      </label>
      <StateManager
        className="select-game-mode"
        defaultInputValue=""
        defaultMenuIsOpen={false}
        defaultValue={null}
        onChange={[Function]}
        options={
          Array [
            Object {
              "label": "Human V Random Computer",
              "value": 1,
            },
            Object {
              "label": "Human V Intelligent Computer",
              "value": 2,
            },
          ]
        }
      />
    </FormRow>
    <FormRow>
      <label>
        :
      </label>
      <StateManager
        className="select-board-size"
        defaultInputValue=""
        defaultMenuIsOpen={false}
        defaultValue={null}
        onChange={[Function]}
        options={
          Array [
            Object {
              "label": 3,
              "value": 3,
            },
            Object {
              "label": 4,
              "value": 4,
            },
            Object {
              "label": 5,
              "value": 5,
            },
          ]
        }
      />
    </FormRow>
    <Button
      color="#2699ab"
      onClick={[Function]}
    />
  </Form>
</div>
`;
